    Updating crates.io index
^C